{"milestone": "dialogue_sealed", "scenario": "library-space-allocation-v1", "arm": "A", "turns": 16, "source_sha256": "348f2330decf121b1a60c55a6f57651c3f44e16e056b6d2f31669fb2df541c88"}
{"milestone": "dialogue_sealed", "scenario": "museum-loan-conservation-v1", "arm": "B", "turns": 16, "source_sha256": "0ad88444c5e35b266e3226fb615d6ea20b3fec817f075ee12ce1e8e92cf59077"}
{"milestone": "dialogue_sealed", "scenario": "research-data-release-v1", "arm": "C", "turns": 16, "source_sha256": "83290e747bdc1b86607f02cf30607f10a8f2fe716f3071bdb38c6c3aef070823"}
Traceback (most recent call last):
  File "/home/ubuntu/roommind-stanford-staging/scripts/g5_run_fresh_validation_v5.py", line 46, in <module>
    main()
  File "/home/ubuntu/roommind-stanford-staging/scripts/g5_run_fresh_validation_v5.py", line 38, in main
    result = asyncio.run(run_execution(execution, output, api_key=key,
             ^^^^^^^^^^^^^^^^^^^^^^^^^^^^^^^^^^^^^^^^^^^^^^^^^^^^^^^^^
  File "/usr/lib/python3.12/asyncio/runners.py", line 194, in run
    return runner.run(main)
           ^^^^^^^^^^^^^^^^
  File "/usr/lib/python3.12/asyncio/runners.py", line 118, in run
    return self._loop.run_until_complete(task)
           ^^^^^^^^^^^^^^^^^^^^^^^^^^^^^^^^^^^
  File "/usr/lib/python3.12/asyncio/base_events.py", line 687, in run_until_complete
    return future.result()
           ^^^^^^^^^^^^^^^
  File "/home/ubuntu/roommind-stanford-staging/server/app/g5/fresh_execution_v2.py", line 279, in run_execution
    result = await runtime.step()
             ^^^^^^^^^^^^^^^^^^^^
  File "/home/ubuntu/roommind-stanford-staging/server/app/g5/runtime.py", line 254, in step
    return await self._step(reopen=reopen)
           ^^^^^^^^^^^^^^^^^^^^^^^^^^^^^^^
  File "/home/ubuntu/roommind-stanford-staging/server/app/g5/runtime.py", line 330, in _step
    state = await self._invoke("cognition", version, actor, self.cognition, detached(view))
            ^^^^^^^^^^^^^^^^^^^^^^^^^^^^^^^^^^^^^^^^^^^^^^^^^^^^^^^^^^^^^^^^^^^^^^^^^^^^^^^
  File "/home/ubuntu/roommind-stanford-staging/server/app/g5/runtime.py", line 74, in _invoke
    result = await result
             ^^^^^^^^^^^^
  File "/home/ubuntu/roommind-stanford-staging/server/app/g5/reflection.py", line 156, in __call__
    validate(proposal, active_plan, view["actor"], view["operations"], validation_sources)
  File "/home/ubuntu/roommind-stanford-staging/server/app/g5/planning.py", line 116, in validate
    require(bool(row["status_source_ids"]), "Task transition needs observed evidence")
  File "/home/ubuntu/roommind-stanford-staging/server/app/g5/planning.py", line 15, in require
    raise ValueError(message)
ValueError: Task transition needs observed evidence
