Sep 14 21:20:31 VM-4-12-ubuntu systemd[3232]: Started roommind-g5-v16.service - /home/ubuntu/roommind-stanford-staging/.venv/bin/python scripts/g5_run_fresh_validation_v16.py --source-revision 0b58004308b3333fbae38b313bb309565045ce88 --authorization-id user-explicitly-authorized-2026-09-14-push-v15-data-deploy-v16-eight-dialogues --predecessor-execution-sha256 0a121e25e2c4bc3aa1d277dab58e507d3f269aed64613aedeaa5bc50dcd16463 --credential-source /home/ubuntu/roommind-stanford-staging/.env --output /home/ubuntu/roommind-stanford-staging/research/experiments/2026-09-14-g5-fresh-family-v16-development-online.
Sep 14 21:21:36 VM-4-12-ubuntu python[2459166]: {"milestone": "dialogue_sealed", "scenario": "archive-collection-transfer-v2", "arm": "C", "turns": 16, "source_sha256": "ee050c28fa1479ab462c5b2908aee974bdbf2f935786ef63a45330f236c784d7"}
Sep 14 21:22:19 VM-4-12-ubuntu python[2459166]: {"milestone": "dialogue_sealed", "scenario": "archive-collection-transfer-v1", "arm": "A", "turns": 16, "source_sha256": "30dbe719e643d9a70cdd10de4159f6ac5f622ba7160608d31ec9967cf22f7394"}
Sep 14 21:23:15 VM-4-12-ubuntu python[2459166]: {"milestone": "dialogue_sealed", "scenario": "school-meal-allergen-recall-v2", "arm": "A", "turns": 16, "source_sha256": "6213e3f04e5c6170fd25aaaec82824b5fa146c00b318330d549de6a6209024f2"}
Sep 14 21:24:58 VM-4-12-ubuntu python[2459166]: {"milestone": "dialogue_sealed", "scenario": "orchard-frost-response-v1", "arm": "B", "turns": 16, "source_sha256": "f31a49bd8c67e2a2a347850da6b9453269c390e850022085a4132fdf0e23fe99"}
Sep 14 21:25:29 VM-4-12-ubuntu python[2459166]: Traceback (most recent call last):
Sep 14 21:25:29 VM-4-12-ubuntu python[2459166]:   File "/home/ubuntu/roommind-stanford-staging/scripts/g5_run_fresh_validation_v16.py", line 46, in <module>
Sep 14 21:25:29 VM-4-12-ubuntu python[2459166]:     main()
Sep 14 21:25:29 VM-4-12-ubuntu python[2459166]:   File "/home/ubuntu/roommind-stanford-staging/scripts/g5_run_fresh_validation_v16.py", line 38, in main
Sep 14 21:25:29 VM-4-12-ubuntu python[2459166]:     result = asyncio.run(run_execution(execution, output, api_key=key,
Sep 14 21:25:29 VM-4-12-ubuntu python[2459166]:              ^^^^^^^^^^^^^^^^^^^^^^^^^^^^^^^^^^^^^^^^^^^^^^^^^^^^^^^^^
Sep 14 21:25:29 VM-4-12-ubuntu python[2459166]:   File "/usr/lib/python3.12/asyncio/runners.py", line 194, in run
Sep 14 21:25:29 VM-4-12-ubuntu python[2459166]:     return runner.run(main)
Sep 14 21:25:29 VM-4-12-ubuntu python[2459166]:            ^^^^^^^^^^^^^^^^
Sep 14 21:25:29 VM-4-12-ubuntu python[2459166]:   File "/usr/lib/python3.12/asyncio/runners.py", line 118, in run
Sep 14 21:25:29 VM-4-12-ubuntu python[2459166]:     return self._loop.run_until_complete(task)
Sep 14 21:25:29 VM-4-12-ubuntu python[2459166]:            ^^^^^^^^^^^^^^^^^^^^^^^^^^^^^^^^^^^
Sep 14 21:25:29 VM-4-12-ubuntu python[2459166]:   File "/usr/lib/python3.12/asyncio/base_events.py", line 687, in run_until_complete
Sep 14 21:25:29 VM-4-12-ubuntu python[2459166]:     return future.result()
Sep 14 21:25:29 VM-4-12-ubuntu python[2459166]:            ^^^^^^^^^^^^^^^
Sep 14 21:25:29 VM-4-12-ubuntu python[2459166]:   File "/home/ubuntu/roommind-stanford-staging/server/app/g5/fresh_execution_v15.py", line 302, in run_execution
Sep 14 21:25:29 VM-4-12-ubuntu python[2459166]:     result = await runtime.step()
Sep 14 21:25:29 VM-4-12-ubuntu python[2459166]:              ^^^^^^^^^^^^^^^^^^^^
Sep 14 21:25:29 VM-4-12-ubuntu python[2459166]:   File "/home/ubuntu/roommind-stanford-staging/server/app/g5/runtime.py", line 257, in step
Sep 14 21:25:29 VM-4-12-ubuntu python[2459166]:     return await self._step(reopen=reopen)
Sep 14 21:25:29 VM-4-12-ubuntu python[2459166]:            ^^^^^^^^^^^^^^^^^^^^^^^^^^^^^^^
Sep 14 21:25:29 VM-4-12-ubuntu python[2459166]:   File "/home/ubuntu/roommind-stanford-staging/server/app/g5/runtime.py", line 333, in _step
Sep 14 21:25:29 VM-4-12-ubuntu python[2459166]:     state = await self._invoke("cognition", version, actor, self.cognition, detached(view))
Sep 14 21:25:29 VM-4-12-ubuntu python[2459166]:             ^^^^^^^^^^^^^^^^^^^^^^^^^^^^^^^^^^^^^^^^^^^^^^^^^^^^^^^^^^^^^^^^^^^^^^^^^^^^^^^
Sep 14 21:25:29 VM-4-12-ubuntu python[2459166]:   File "/home/ubuntu/roommind-stanford-staging/server/app/g5/runtime.py", line 74, in _invoke
Sep 14 21:25:29 VM-4-12-ubuntu python[2459166]:     result = await result
Sep 14 21:25:29 VM-4-12-ubuntu python[2459166]:              ^^^^^^^^^^^^
Sep 14 21:25:29 VM-4-12-ubuntu python[2459166]:   File "/home/ubuntu/roommind-stanford-staging/server/app/g5/reflection.py", line 248, in __call__
Sep 14 21:25:29 VM-4-12-ubuntu python[2459166]:     raise StructuredOutputError(str(error), rejected_plans) from None
Sep 14 21:25:29 VM-4-12-ubuntu python[2459166]: app.g5.structured_output.StructuredOutputError: Updated task cites evidence outside supplied context
Sep 14 21:25:29 VM-4-12-ubuntu systemd[3232]: roommind-g5-v16.service: Main process exited, code=exited, status=1/FAILURE
Sep 14 21:25:29 VM-4-12-ubuntu systemd[3232]: roommind-g5-v16.service: Failed with result 'exit-code'.
Sep 14 21:25:29 VM-4-12-ubuntu systemd[3232]: roommind-g5-v16.service: Consumed 11.516s CPU time, 2.7M memory peak, 0B memory swap peak.
