2026-09-14T20:32:24+08:00 VM-4-12-ubuntu systemd[3232]: Started roommind-g5-v15.service - /home/ubuntu/roommind-stanford-staging/.venv/bin/python3 /home/ubuntu/roommind-stanford-staging/scripts/g5_run_fresh_validation_v15.py --source-revision ca9b31c2445242cc765cdceddee92dd28b0dcb75 --authorization-id user-explicitly-authorized-2026-09-14-push-deploy-v15-eight-dialogue-generation --predecessor-gate-result-sha256 d50bb9eeadf540d28de3e12a1de945e12c6b381e9461db86bedf3fcf2ad74c31 --credential-source /home/ubuntu/roommind-stanford-staging/.env --output /home/ubuntu/roommind-stanford-staging/research/experiments/2026-09-14-g5-fresh-family-v15-development-online.
2026-09-14T20:33:28+08:00 VM-4-12-ubuntu python3[2420259]: {"milestone": "dialogue_sealed", "scenario": "archive-collection-transfer-v2", "arm": "C", "turns": 16, "source_sha256": "74d37b33ec07bd4bec60ee0a6edec07d94c70c0b00e5e12c32a58546fc2910e0"}
2026-09-14T20:34:15+08:00 VM-4-12-ubuntu python3[2420259]: {"milestone": "dialogue_sealed", "scenario": "archive-collection-transfer-v1", "arm": "A", "turns": 16, "source_sha256": "d9cabc6421936961d7ba84050db08d490d1220f9f1d23cfbb935b885a373dfde"}
2026-09-14T20:35:09+08:00 VM-4-12-ubuntu python3[2420259]: {"milestone": "dialogue_sealed", "scenario": "school-meal-allergen-recall-v2", "arm": "A", "turns": 16, "source_sha256": "09f8d2dba4a9d8fac6e35670588a5629a24d741e3779f47135af9d4f3f98619a"}
2026-09-14T20:38:07+08:00 VM-4-12-ubuntu python3[2420259]: {"milestone": "dialogue_sealed", "scenario": "orchard-frost-response-v1", "arm": "B", "turns": 16, "source_sha256": "67707d48e994b2f98195290e10bf885dc0ec4288584c892dd1a1e204b8683bdf"}
2026-09-14T20:41:07+08:00 VM-4-12-ubuntu python3[2420259]: {"milestone": "dialogue_sealed", "scenario": "orchard-frost-response-v2", "arm": "D", "turns": 16, "source_sha256": "88ef6d088111c88b8c403ab55990ec8b362ec76a5be33ba3c4864b4485f0afa1"}
2026-09-14T20:41:38+08:00 VM-4-12-ubuntu python3[2420259]: Traceback (most recent call last):
2026-09-14T20:41:38+08:00 VM-4-12-ubuntu python3[2420259]:   File "/home/ubuntu/roommind-stanford-staging/scripts/g5_run_fresh_validation_v15.py", line 46, in <module>
2026-09-14T20:41:38+08:00 VM-4-12-ubuntu python3[2420259]:     main()
2026-09-14T20:41:38+08:00 VM-4-12-ubuntu python3[2420259]:   File "/home/ubuntu/roommind-stanford-staging/scripts/g5_run_fresh_validation_v15.py", line 38, in main
2026-09-14T20:41:38+08:00 VM-4-12-ubuntu python3[2420259]:     result = asyncio.run(run_execution(execution, output, api_key=key,
2026-09-14T20:41:38+08:00 VM-4-12-ubuntu python3[2420259]:              ^^^^^^^^^^^^^^^^^^^^^^^^^^^^^^^^^^^^^^^^^^^^^^^^^^^^^^^^^
2026-09-14T20:41:38+08:00 VM-4-12-ubuntu python3[2420259]:   File "/usr/lib/python3.12/asyncio/runners.py", line 194, in run
2026-09-14T20:41:38+08:00 VM-4-12-ubuntu python3[2420259]:     return runner.run(main)
2026-09-14T20:41:38+08:00 VM-4-12-ubuntu python3[2420259]:            ^^^^^^^^^^^^^^^^
2026-09-14T20:41:38+08:00 VM-4-12-ubuntu python3[2420259]:   File "/usr/lib/python3.12/asyncio/runners.py", line 118, in run
2026-09-14T20:41:38+08:00 VM-4-12-ubuntu python3[2420259]:     return self._loop.run_until_complete(task)
2026-09-14T20:41:38+08:00 VM-4-12-ubuntu python3[2420259]:            ^^^^^^^^^^^^^^^^^^^^^^^^^^^^^^^^^^^
2026-09-14T20:41:38+08:00 VM-4-12-ubuntu python3[2420259]:   File "/usr/lib/python3.12/asyncio/base_events.py", line 687, in run_until_complete
2026-09-14T20:41:38+08:00 VM-4-12-ubuntu python3[2420259]:     return future.result()
2026-09-14T20:41:38+08:00 VM-4-12-ubuntu python3[2420259]:            ^^^^^^^^^^^^^^^
2026-09-14T20:41:38+08:00 VM-4-12-ubuntu python3[2420259]:   File "/home/ubuntu/roommind-stanford-staging/server/app/g5/fresh_execution_v15.py", line 302, in run_execution
2026-09-14T20:41:38+08:00 VM-4-12-ubuntu python3[2420259]:     result = await runtime.step()
2026-09-14T20:41:38+08:00 VM-4-12-ubuntu python3[2420259]:              ^^^^^^^^^^^^^^^^^^^^
2026-09-14T20:41:38+08:00 VM-4-12-ubuntu python3[2420259]:   File "/home/ubuntu/roommind-stanford-staging/server/app/g5/runtime.py", line 257, in step
2026-09-14T20:41:38+08:00 VM-4-12-ubuntu python3[2420259]:     return await self._step(reopen=reopen)
2026-09-14T20:41:38+08:00 VM-4-12-ubuntu python3[2420259]:            ^^^^^^^^^^^^^^^^^^^^^^^^^^^^^^^
2026-09-14T20:41:38+08:00 VM-4-12-ubuntu python3[2420259]:   File "/home/ubuntu/roommind-stanford-staging/server/app/g5/runtime.py", line 333, in _step
2026-09-14T20:41:38+08:00 VM-4-12-ubuntu python3[2420259]:     state = await self._invoke("cognition", version, actor, self.cognition, detached(view))
2026-09-14T20:41:38+08:00 VM-4-12-ubuntu python3[2420259]:             ^^^^^^^^^^^^^^^^^^^^^^^^^^^^^^^^^^^^^^^^^^^^^^^^^^^^^^^^^^^^^^^^^^^^^^^^^^^^^^^
2026-09-14T20:41:38+08:00 VM-4-12-ubuntu python3[2420259]:   File "/home/ubuntu/roommind-stanford-staging/server/app/g5/runtime.py", line 74, in _invoke
2026-09-14T20:41:38+08:00 VM-4-12-ubuntu python3[2420259]:     result = await result
2026-09-14T20:41:38+08:00 VM-4-12-ubuntu python3[2420259]:              ^^^^^^^^^^^^
2026-09-14T20:41:38+08:00 VM-4-12-ubuntu python3[2420259]:   File "/home/ubuntu/roommind-stanford-staging/server/app/g5/reflection.py", line 241, in __call__
2026-09-14T20:41:38+08:00 VM-4-12-ubuntu python3[2420259]:     raise StructuredOutputError(str(error), rejected_plans) from None
2026-09-14T20:41:38+08:00 VM-4-12-ubuntu python3[2420259]: app.g5.structured_output.StructuredOutputError: Updated task cites evidence outside supplied context
2026-09-14T20:41:38+08:00 VM-4-12-ubuntu systemd[3232]: roommind-g5-v15.service: Main process exited, code=exited, status=1/FAILURE
2026-09-14T20:41:38+08:00 VM-4-12-ubuntu systemd[3232]: roommind-g5-v15.service: Failed with result 'exit-code'.
2026-09-14T20:41:38+08:00 VM-4-12-ubuntu systemd[3232]: roommind-g5-v15.service: Consumed 17.914s CPU time, 26.6M memory peak, 0B memory swap peak.
